components/VirtualTour/PanoramaViewer.tsx(98,26): error TS2307: Cannot find module '@photo-sphere-viewer/core/index.css' or its corresponding type declarations.
components/VirtualTour/PanoramaViewer.tsx(99,26): error TS2307: Cannot find module '@photo-sphere-viewer/markers-plugin/index.css' or its corresponding type declarations.
components/VirtualTour/PanoramaViewer.tsx(100,26): error TS2307: Cannot find module '@photo-sphere-viewer/gallery-plugin/index.css' or its corresponding type declarations.
components/VirtualTour/PanoramaViewer.tsx(101,26): error TS2307: Cannot find module '@photo-sphere-viewer/virtual-tour-plugin/index.css' or its corresponding type declarations.
lib/pathfinding.ts(83,51): error TS2345: Argument of type 'string | null' is not assignable to parameter of type 'string'.
  Type 'null' is not assignable to type 'string'.
